// Jest Snapshot v1, https://goo.gl/fbAQLP

exports[`Pruebas en <FirstApp /> Debe hacer match con el snapshot 1`] = `
<div>
  <h1>
    No hay titulo
  </h1>
  <p>
    No hay subtitulo
  </p>
  <p>
    Luciano Crocco
  </p>
</div>
`;
